Loading weights:   0%|          | 0/391 [00:00<?, ?it/s]Loading weights:  14%|█▍        | 55/391 [00:00<00:00, 545.58it/s]Loading weights:  75%|███████▍  | 293/391 [00:00<00:00, 1620.75it/s]Loading weights: 100%|██████████| 391/391 [00:00<00:00, 1577.50it/s]
Traceback (most recent call last):
  File "/usr/local/lib/python3.11/dist-packages/huggingface_hub/utils/_http.py", line 772, in hf_raise_for_status
    response.raise_for_status()
  File "/usr/local/lib/python3.11/dist-packages/httpx/_models.py", line 763, in raise_for_status
    raise HTTPStatusError(message, request=request, response=self)
httpx.HTTPStatusError: Client error '404 Not Found' for url 'https://huggingface.co/qwen25_15b/resolve/main/config.json'
For more information check: https://developer.mozilla.org/en-US/docs/Web/HTTP/Status/404

The above exception was the direct cause of the following exception:

Traceback (most recent call last):
  File "/usr/local/lib/python3.11/dist-packages/transformers/utils/hub.py", line 437, in cached_files
    hf_hub_download(
  File "/usr/local/lib/python3.11/dist-packages/huggingface_hub/utils/_validators.py", line 88, in _inner_fn
    return fn(*args, **kwargs)
           ^^^^^^^^^^^^^^^^^^^
  File "/usr/local/lib/python3.11/dist-packages/huggingface_hub/file_download.py", line 1016, in hf_hub_download
    return _hf_hub_download_to_cache_dir(
           ^^^^^^^^^^^^^^^^^^^^^^^^^^^^^^
  File "/usr/local/lib/python3.11/dist-packages/huggingface_hub/file_download.py", line 1167, in _hf_hub_download_to_cache_dir
    _raise_on_head_call_error(head_call_error, force_download, local_files_only)
  File "/usr/local/lib/python3.11/dist-packages/huggingface_hub/file_download.py", line 1805, in _raise_on_head_call_error
    raise head_call_error
  File "/usr/local/lib/python3.11/dist-packages/huggingface_hub/file_download.py", line 1691, in _get_metadata_or_catch_error
    metadata = get_hf_file_metadata(
               ^^^^^^^^^^^^^^^^^^^^^
  File "/usr/local/lib/python3.11/dist-packages/huggingface_hub/utils/_validators.py", line 88, in _inner_fn
    return fn(*args, **kwargs)
           ^^^^^^^^^^^^^^^^^^^
  File "/usr/local/lib/python3.11/dist-packages/huggingface_hub/file_download.py", line 1613, in get_hf_file_metadata
    response = _httpx_follow_relative_redirects_with_backoff(
               ^^^^^^^^^^^^^^^^^^^^^^^^^^^^^^^^^^^^^^^^^^^^^^
  File "/usr/local/lib/python3.11/dist-packages/huggingface_hub/utils/_http.py", line 703, in _httpx_follow_relative_redirects_with_backoff
    hf_raise_for_status(response)
  File "/usr/local/lib/python3.11/dist-packages/huggingface_hub/utils/_http.py", line 859, in hf_raise_for_status
    raise _format(RepositoryNotFoundError, message, response, repo_type=repo_type, repo_id=repo_id) from e
huggingface_hub.errors.RepositoryNotFoundError: 404 Client Error. (Request ID: Root=1-6a35fe94-5341a7361deedf5e2d836af0;ee6cb726-8a7d-47da-89e6-59c0c999bfba)

Repository Not Found for url: https://huggingface.co/qwen25_15b/resolve/main/config.json.
Please make sure you specified the correct `repo_id` and `repo_type`.
If you are trying to access a private or gated repo, make sure you are authenticated and your token has the required permissions.
For more details, see https://huggingface.co/docs/huggingface_hub/authentication

The above exception was the direct cause of the following exception:

Traceback (most recent call last):
  File "/usr/local/lib/python3.11/dist-packages/transformers/models/auto/tokenization_auto.py", line 716, in from_pretrained
    config = AutoConfig.from_pretrained(
             ^^^^^^^^^^^^^^^^^^^^^^^^^^^
  File "/usr/local/lib/python3.11/dist-packages/transformers/models/auto/configuration_auto.py", line 376, in from_pretrained
    config_dict, unused_kwargs = PreTrainedConfig.get_config_dict(pretrained_model_name_or_path, **kwargs)
                                 ^^^^^^^^^^^^^^^^^^^^^^^^^^^^^^^^^^^^^^^^^^^^^^^^^^^^^^^^^^^^^^^^^^^^^^^^^
  File "/usr/local/lib/python3.11/dist-packages/transformers/configuration_utils.py", line 687, in get_config_dict
    config_dict, kwargs = cls._get_config_dict(pretrained_model_name_or_path, **kwargs)
                          ^^^^^^^^^^^^^^^^^^^^^^^^^^^^^^^^^^^^^^^^^^^^^^^^^^^^^^^^^^^^^
  File "/usr/local/lib/python3.11/dist-packages/transformers/configuration_utils.py", line 742, in _get_config_dict
    resolved_config_file = cached_file(
                           ^^^^^^^^^^^^
  File "/usr/local/lib/python3.11/dist-packages/transformers/utils/hub.py", line 293, in cached_file
    file = cached_files(path_or_repo_id=path_or_repo_id, filenames=[filename], **kwargs)
           ^^^^^^^^^^^^^^^^^^^^^^^^^^^^^^^^^^^^^^^^^^^^^^^^^^^^^^^^^^^^^^^^^^^^^^^^^^^^^
  File "/usr/local/lib/python3.11/dist-packages/transformers/utils/hub.py", line 469, in cached_files
    raise OSError(
OSError: qwen25_15b is not a local folder and is not a valid model identifier listed on 'https://huggingface.co/models'
If this is a private repository, make sure to pass a token having permission to this repo either by logging in with `hf auth login` or by passing `token=<your_token>`

During handling of the above exception, another exception occurred:

Traceback (most recent call last):
  File "/usr/local/lib/python3.11/dist-packages/huggingface_hub/utils/_http.py", line 772, in hf_raise_for_status
    response.raise_for_status()
  File "/usr/local/lib/python3.11/dist-packages/httpx/_models.py", line 763, in raise_for_status
    raise HTTPStatusError(message, request=request, response=self)
httpx.HTTPStatusError: Client error '404 Not Found' for url 'https://huggingface.co/qwen25_15b/resolve/main/config.json'
For more information check: https://developer.mozilla.org/en-US/docs/Web/HTTP/Status/404

The above exception was the direct cause of the following exception:

Traceback (most recent call last):
  File "/usr/local/lib/python3.11/dist-packages/transformers/utils/hub.py", line 437, in cached_files
    hf_hub_download(
  File "/usr/local/lib/python3.11/dist-packages/huggingface_hub/utils/_validators.py", line 88, in _inner_fn
    return fn(*args, **kwargs)
           ^^^^^^^^^^^^^^^^^^^
  File "/usr/local/lib/python3.11/dist-packages/huggingface_hub/file_download.py", line 1016, in hf_hub_download
    return _hf_hub_download_to_cache_dir(
           ^^^^^^^^^^^^^^^^^^^^^^^^^^^^^^
  File "/usr/local/lib/python3.11/dist-packages/huggingface_hub/file_download.py", line 1167, in _hf_hub_download_to_cache_dir
    _raise_on_head_call_error(head_call_error, force_download, local_files_only)
  File "/usr/local/lib/python3.11/dist-packages/huggingface_hub/file_download.py", line 1805, in _raise_on_head_call_error
    raise head_call_error
  File "/usr/local/lib/python3.11/dist-packages/huggingface_hub/file_download.py", line 1691, in _get_metadata_or_catch_error
    metadata = get_hf_file_metadata(
               ^^^^^^^^^^^^^^^^^^^^^
  File "/usr/local/lib/python3.11/dist-packages/huggingface_hub/utils/_validators.py", line 88, in _inner_fn
    return fn(*args, **kwargs)
           ^^^^^^^^^^^^^^^^^^^
  File "/usr/local/lib/python3.11/dist-packages/huggingface_hub/file_download.py", line 1613, in get_hf_file_metadata
    response = _httpx_follow_relative_redirects_with_backoff(
               ^^^^^^^^^^^^^^^^^^^^^^^^^^^^^^^^^^^^^^^^^^^^^^
  File "/usr/local/lib/python3.11/dist-packages/huggingface_hub/utils/_http.py", line 703, in _httpx_follow_relative_redirects_with_backoff
    hf_raise_for_status(response)
  File "/usr/local/lib/python3.11/dist-packages/huggingface_hub/utils/_http.py", line 859, in hf_raise_for_status
    raise _format(RepositoryNotFoundError, message, response, repo_type=repo_type, repo_id=repo_id) from e
huggingface_hub.errors.RepositoryNotFoundError: 404 Client Error. (Request ID: Root=1-6a35fe94-369acf310613e72074100f44;f0af8d8c-b6fc-4c55-9878-a260cd364dcf)

Repository Not Found for url: https://huggingface.co/qwen25_15b/resolve/main/config.json.
Please make sure you specified the correct `repo_id` and `repo_type`.
If you are trying to access a private or gated repo, make sure you are authenticated and your token has the required permissions.
For more details, see https://huggingface.co/docs/huggingface_hub/authentication

The above exception was the direct cause of the following exception:

Traceback (most recent call last):
  File "<frozen runpy>", line 198, in _run_module_as_main
  File "<frozen runpy>", line 88, in _run_code
  File "/workspace/RT/june_fixes/baselines/baseline_study.py", line 650, in <module>
    main()
  File "/workspace/RT/june_fixes/baselines/baseline_study.py", line 646, in main
    run_baseline_study(build_arg_parser().parse_args())
  File "/workspace/RT/june_fixes/baselines/baseline_study.py", line 349, in run_baseline_study
    extractor = ConversationStateExtractor(
                ^^^^^^^^^^^^^^^^^^^^^^^^^^^
  File "/workspace/RT/paper1_geometry/modeling.py", line 177, in __init__
    self.tokenizer = AutoTokenizer.from_pretrained(model_name)
                     ^^^^^^^^^^^^^^^^^^^^^^^^^^^^^^^^^^^^^^^^^
  File "/usr/local/lib/python3.11/dist-packages/transformers/models/auto/tokenization_auto.py", line 720, in from_pretrained
    config = PreTrainedConfig.from_pretrained(pretrained_model_name_or_path, **kwargs)
             ^^^^^^^^^^^^^^^^^^^^^^^^^^^^^^^^^^^^^^^^^^^^^^^^^^^^^^^^^^^^^^^^^^^^^^^^^
  File "/usr/local/lib/python3.11/dist-packages/transformers/configuration_utils.py", line 646, in from_pretrained
    config_dict, kwargs = cls.get_config_dict(pretrained_model_name_or_path, **kwargs)
                          ^^^^^^^^^^^^^^^^^^^^^^^^^^^^^^^^^^^^^^^^^^^^^^^^^^^^^^^^^^^^
  File "/usr/local/lib/python3.11/dist-packages/transformers/configuration_utils.py", line 687, in get_config_dict
    config_dict, kwargs = cls._get_config_dict(pretrained_model_name_or_path, **kwargs)
                          ^^^^^^^^^^^^^^^^^^^^^^^^^^^^^^^^^^^^^^^^^^^^^^^^^^^^^^^^^^^^^
  File "/usr/local/lib/python3.11/dist-packages/transformers/configuration_utils.py", line 742, in _get_config_dict
    resolved_config_file = cached_file(
                           ^^^^^^^^^^^^
  File "/usr/local/lib/python3.11/dist-packages/transformers/utils/hub.py", line 293, in cached_file
    file = cached_files(path_or_repo_id=path_or_repo_id, filenames=[filename], **kwargs)
           ^^^^^^^^^^^^^^^^^^^^^^^^^^^^^^^^^^^^^^^^^^^^^^^^^^^^^^^^^^^^^^^^^^^^^^^^^^^^^
  File "/usr/local/lib/python3.11/dist-packages/transformers/utils/hub.py", line 469, in cached_files
    raise OSError(
OSError: qwen25_15b is not a local folder and is not a valid model identifier listed on 'https://huggingface.co/models'
If this is a private repository, make sure to pass a token having permission to this repo either by logging in with `hf auth login` or by passing `token=<your_token>`
Loading weights:   0%|          | 0/391 [00:00<?, ?it/s]Loading weights:   5%|▍         | 18/391 [00:00<00:02, 176.51it/s]Loading weights:  73%|███████▎  | 284/391 [00:00<00:00, 1624.96it/s]Loading weights: 100%|██████████| 391/391 [00:00<00:00, 1612.09it/s]
[transformers] `torch_dtype` is deprecated! Use `dtype` instead!
Loading weights:   0%|          | 0/338 [00:00<?, ?it/s]Loading weights: 100%|██████████| 338/338 [00:00<00:00, 8826.98it/s]
Traceback (most recent call last):
  File "<frozen runpy>", line 198, in _run_module_as_main
  File "<frozen runpy>", line 88, in _run_code
  File "/workspace/RT/june_fixes/baselines/baseline_study.py", line 650, in <module>
    main()
  File "/workspace/RT/june_fixes/baselines/baseline_study.py", line 646, in main
    run_baseline_study(build_arg_parser().parse_args())
  File "/workspace/RT/june_fixes/baselines/baseline_study.py", line 472, in run_baseline_study
    raise ValueError(f"Unknown baseline policy: {policy_name}")
ValueError: Unknown baseline policy: semantic
Loading weights:   0%|          | 0/391 [00:00<?, ?it/s]Loading weights:  23%|██▎       | 89/391 [00:00<00:00, 889.57it/s]Loading weights:  94%|█████████▍| 368/391 [00:00<00:00, 2006.96it/s]Loading weights: 100%|██████████| 391/391 [00:00<00:00, 1854.89it/s]
[transformers] `torch_dtype` is deprecated! Use `dtype` instead!
Loading weights:   0%|          | 0/338 [00:00<?, ?it/s]Loading weights: 100%|██████████| 338/338 [00:00<00:00, 9732.37it/s]
[transformers] Token indices sequence length is longer than the specified maximum sequence length for this model (595 > 512). Running this sequence through the model will result in indexing errors
[baseline_study:qwen25_15b] 5/47 conversations, rows=885
[baseline_study:qwen25_15b] 10/47 conversations, rows=1920
[baseline_study:qwen25_15b] 15/47 conversations, rows=2820
[baseline_study:qwen25_15b] 20/47 conversations, rows=3555
[baseline_study:qwen25_15b] 25/47 conversations, rows=4305
[baseline_study:qwen25_15b] 30/47 conversations, rows=5040
[baseline_study:qwen25_15b] 35/47 conversations, rows=5790
[baseline_study:qwen25_15b] 40/47 conversations, rows=6690
[baseline_study:qwen25_15b] 45/47 conversations, rows=7440
[baseline_study:qwen25_15b] 47/47 conversations, rows=7770
[baseline_study] wrote 7770 evaluation rows and 7500 behavior rows to results/reviewer_fixes/baselines/reviewer_fixes_msc_shard15of21
[baseline_study] run paper3_codec.merge_study_shards over this directory (alone or with other shards) to get standard significance summaries
