Loading weights:   0%|          | 0/391 [00:00<?, ?it/s]Loading weights:  17%|█▋        | 67/391 [00:00<00:00, 661.76it/s]Loading weights:  70%|███████   | 275/391 [00:00<00:00, 1481.05it/s]Loading weights: 100%|██████████| 391/391 [00:00<00:00, 1463.89it/s]
Traceback (most recent call last):
  File "/usr/local/lib/python3.11/dist-packages/huggingface_hub/utils/_http.py", line 772, in hf_raise_for_status
    response.raise_for_status()
  File "/usr/local/lib/python3.11/dist-packages/httpx/_models.py", line 763, in raise_for_status
    raise HTTPStatusError(message, request=request, response=self)
httpx.HTTPStatusError: Client error '404 Not Found' for url 'https://huggingface.co/qwen25_15b/resolve/main/config.json'
For more information check: https://developer.mozilla.org/en-US/docs/Web/HTTP/Status/404

The above exception was the direct cause of the following exception:

Traceback (most recent call last):
  File "/usr/local/lib/python3.11/dist-packages/transformers/utils/hub.py", line 437, in cached_files
    hf_hub_download(
  File "/usr/local/lib/python3.11/dist-packages/huggingface_hub/utils/_validators.py", line 88, in _inner_fn
    return fn(*args, **kwargs)
           ^^^^^^^^^^^^^^^^^^^
  File "/usr/local/lib/python3.11/dist-packages/huggingface_hub/file_download.py", line 1016, in hf_hub_download
    return _hf_hub_download_to_cache_dir(
           ^^^^^^^^^^^^^^^^^^^^^^^^^^^^^^
  File "/usr/local/lib/python3.11/dist-packages/huggingface_hub/file_download.py", line 1167, in _hf_hub_download_to_cache_dir
    _raise_on_head_call_error(head_call_error, force_download, local_files_only)
  File "/usr/local/lib/python3.11/dist-packages/huggingface_hub/file_download.py", line 1805, in _raise_on_head_call_error
    raise head_call_error
  File "/usr/local/lib/python3.11/dist-packages/huggingface_hub/file_download.py", line 1691, in _get_metadata_or_catch_error
    metadata = get_hf_file_metadata(
               ^^^^^^^^^^^^^^^^^^^^^
  File "/usr/local/lib/python3.11/dist-packages/huggingface_hub/utils/_validators.py", line 88, in _inner_fn
    return fn(*args, **kwargs)
           ^^^^^^^^^^^^^^^^^^^
  File "/usr/local/lib/python3.11/dist-packages/huggingface_hub/file_download.py", line 1613, in get_hf_file_metadata
    response = _httpx_follow_relative_redirects_with_backoff(
               ^^^^^^^^^^^^^^^^^^^^^^^^^^^^^^^^^^^^^^^^^^^^^^
  File "/usr/local/lib/python3.11/dist-packages/huggingface_hub/utils/_http.py", line 703, in _httpx_follow_relative_redirects_with_backoff
    hf_raise_for_status(response)
  File "/usr/local/lib/python3.11/dist-packages/huggingface_hub/utils/_http.py", line 859, in hf_raise_for_status
    raise _format(RepositoryNotFoundError, message, response, repo_type=repo_type, repo_id=repo_id) from e
huggingface_hub.errors.RepositoryNotFoundError: 404 Client Error. (Request ID: Root=1-6a35fe88-4404834e31da2f2b688253ed;9361eac5-f06b-424a-adb9-1385c37c85e9)

Repository Not Found for url: https://huggingface.co/qwen25_15b/resolve/main/config.json.
Please make sure you specified the correct `repo_id` and `repo_type`.
If you are trying to access a private or gated repo, make sure you are authenticated and your token has the required permissions.
For more details, see https://huggingface.co/docs/huggingface_hub/authentication

The above exception was the direct cause of the following exception:

Traceback (most recent call last):
  File "/usr/local/lib/python3.11/dist-packages/transformers/models/auto/tokenization_auto.py", line 716, in from_pretrained
    config = AutoConfig.from_pretrained(
             ^^^^^^^^^^^^^^^^^^^^^^^^^^^
  File "/usr/local/lib/python3.11/dist-packages/transformers/models/auto/configuration_auto.py", line 376, in from_pretrained
    config_dict, unused_kwargs = PreTrainedConfig.get_config_dict(pretrained_model_name_or_path, **kwargs)
                                 ^^^^^^^^^^^^^^^^^^^^^^^^^^^^^^^^^^^^^^^^^^^^^^^^^^^^^^^^^^^^^^^^^^^^^^^^^
  File "/usr/local/lib/python3.11/dist-packages/transformers/configuration_utils.py", line 687, in get_config_dict
    config_dict, kwargs = cls._get_config_dict(pretrained_model_name_or_path, **kwargs)
                          ^^^^^^^^^^^^^^^^^^^^^^^^^^^^^^^^^^^^^^^^^^^^^^^^^^^^^^^^^^^^^
  File "/usr/local/lib/python3.11/dist-packages/transformers/configuration_utils.py", line 742, in _get_config_dict
    resolved_config_file = cached_file(
                           ^^^^^^^^^^^^
  File "/usr/local/lib/python3.11/dist-packages/transformers/utils/hub.py", line 293, in cached_file
    file = cached_files(path_or_repo_id=path_or_repo_id, filenames=[filename], **kwargs)
           ^^^^^^^^^^^^^^^^^^^^^^^^^^^^^^^^^^^^^^^^^^^^^^^^^^^^^^^^^^^^^^^^^^^^^^^^^^^^^
  File "/usr/local/lib/python3.11/dist-packages/transformers/utils/hub.py", line 469, in cached_files
    raise OSError(
OSError: qwen25_15b is not a local folder and is not a valid model identifier listed on 'https://huggingface.co/models'
If this is a private repository, make sure to pass a token having permission to this repo either by logging in with `hf auth login` or by passing `token=<your_token>`

During handling of the above exception, another exception occurred:

Traceback (most recent call last):
  File "/usr/local/lib/python3.11/dist-packages/huggingface_hub/utils/_http.py", line 772, in hf_raise_for_status
    response.raise_for_status()
  File "/usr/local/lib/python3.11/dist-packages/httpx/_models.py", line 763, in raise_for_status
    raise HTTPStatusError(message, request=request, response=self)
httpx.HTTPStatusError: Client error '404 Not Found' for url 'https://huggingface.co/qwen25_15b/resolve/main/config.json'
For more information check: https://developer.mozilla.org/en-US/docs/Web/HTTP/Status/404

The above exception was the direct cause of the following exception:

Traceback (most recent call last):
  File "/usr/local/lib/python3.11/dist-packages/transformers/utils/hub.py", line 437, in cached_files
    hf_hub_download(
  File "/usr/local/lib/python3.11/dist-packages/huggingface_hub/utils/_validators.py", line 88, in _inner_fn
    return fn(*args, **kwargs)
           ^^^^^^^^^^^^^^^^^^^
  File "/usr/local/lib/python3.11/dist-packages/huggingface_hub/file_download.py", line 1016, in hf_hub_download
    return _hf_hub_download_to_cache_dir(
           ^^^^^^^^^^^^^^^^^^^^^^^^^^^^^^
  File "/usr/local/lib/python3.11/dist-packages/huggingface_hub/file_download.py", line 1167, in _hf_hub_download_to_cache_dir
    _raise_on_head_call_error(head_call_error, force_download, local_files_only)
  File "/usr/local/lib/python3.11/dist-packages/huggingface_hub/file_download.py", line 1805, in _raise_on_head_call_error
    raise head_call_error
  File "/usr/local/lib/python3.11/dist-packages/huggingface_hub/file_download.py", line 1691, in _get_metadata_or_catch_error
    metadata = get_hf_file_metadata(
               ^^^^^^^^^^^^^^^^^^^^^
  File "/usr/local/lib/python3.11/dist-packages/huggingface_hub/utils/_validators.py", line 88, in _inner_fn
    return fn(*args, **kwargs)
           ^^^^^^^^^^^^^^^^^^^
  File "/usr/local/lib/python3.11/dist-packages/huggingface_hub/file_download.py", line 1613, in get_hf_file_metadata
    response = _httpx_follow_relative_redirects_with_backoff(
               ^^^^^^^^^^^^^^^^^^^^^^^^^^^^^^^^^^^^^^^^^^^^^^
  File "/usr/local/lib/python3.11/dist-packages/huggingface_hub/utils/_http.py", line 703, in _httpx_follow_relative_redirects_with_backoff
    hf_raise_for_status(response)
  File "/usr/local/lib/python3.11/dist-packages/huggingface_hub/utils/_http.py", line 859, in hf_raise_for_status
    raise _format(RepositoryNotFoundError, message, response, repo_type=repo_type, repo_id=repo_id) from e
huggingface_hub.errors.RepositoryNotFoundError: 404 Client Error. (Request ID: Root=1-6a35fe88-7accae224af8404d68a819da;fa32b995-13eb-41dd-96cb-42ae9828e43d)

Repository Not Found for url: https://huggingface.co/qwen25_15b/resolve/main/config.json.
Please make sure you specified the correct `repo_id` and `repo_type`.
If you are trying to access a private or gated repo, make sure you are authenticated and your token has the required permissions.
For more details, see https://huggingface.co/docs/huggingface_hub/authentication

The above exception was the direct cause of the following exception:

Traceback (most recent call last):
  File "<frozen runpy>", line 198, in _run_module_as_main
  File "<frozen runpy>", line 88, in _run_code
  File "/workspace/RT/june_fixes/baselines/baseline_study.py", line 650, in <module>
    main()
  File "/workspace/RT/june_fixes/baselines/baseline_study.py", line 646, in main
    run_baseline_study(build_arg_parser().parse_args())
  File "/workspace/RT/june_fixes/baselines/baseline_study.py", line 349, in run_baseline_study
    extractor = ConversationStateExtractor(
                ^^^^^^^^^^^^^^^^^^^^^^^^^^^
  File "/workspace/RT/paper1_geometry/modeling.py", line 177, in __init__
    self.tokenizer = AutoTokenizer.from_pretrained(model_name)
                     ^^^^^^^^^^^^^^^^^^^^^^^^^^^^^^^^^^^^^^^^^
  File "/usr/local/lib/python3.11/dist-packages/transformers/models/auto/tokenization_auto.py", line 720, in from_pretrained
    config = PreTrainedConfig.from_pretrained(pretrained_model_name_or_path, **kwargs)
             ^^^^^^^^^^^^^^^^^^^^^^^^^^^^^^^^^^^^^^^^^^^^^^^^^^^^^^^^^^^^^^^^^^^^^^^^^
  File "/usr/local/lib/python3.11/dist-packages/transformers/configuration_utils.py", line 646, in from_pretrained
    config_dict, kwargs = cls.get_config_dict(pretrained_model_name_or_path, **kwargs)
                          ^^^^^^^^^^^^^^^^^^^^^^^^^^^^^^^^^^^^^^^^^^^^^^^^^^^^^^^^^^^^
  File "/usr/local/lib/python3.11/dist-packages/transformers/configuration_utils.py", line 687, in get_config_dict
    config_dict, kwargs = cls._get_config_dict(pretrained_model_name_or_path, **kwargs)
                          ^^^^^^^^^^^^^^^^^^^^^^^^^^^^^^^^^^^^^^^^^^^^^^^^^^^^^^^^^^^^^
  File "/usr/local/lib/python3.11/dist-packages/transformers/configuration_utils.py", line 742, in _get_config_dict
    resolved_config_file = cached_file(
                           ^^^^^^^^^^^^
  File "/usr/local/lib/python3.11/dist-packages/transformers/utils/hub.py", line 293, in cached_file
    file = cached_files(path_or_repo_id=path_or_repo_id, filenames=[filename], **kwargs)
           ^^^^^^^^^^^^^^^^^^^^^^^^^^^^^^^^^^^^^^^^^^^^^^^^^^^^^^^^^^^^^^^^^^^^^^^^^^^^^
  File "/usr/local/lib/python3.11/dist-packages/transformers/utils/hub.py", line 469, in cached_files
    raise OSError(
OSError: qwen25_15b is not a local folder and is not a valid model identifier listed on 'https://huggingface.co/models'
If this is a private repository, make sure to pass a token having permission to this repo either by logging in with `hf auth login` or by passing `token=<your_token>`
Loading weights:   0%|          | 0/391 [00:00<?, ?it/s]Loading weights:   6%|▌         | 23/391 [00:00<00:01, 229.42it/s]Loading weights:  59%|█████▉    | 231/391 [00:00<00:00, 1313.61it/s]Loading weights: 100%|██████████| 391/391 [00:00<00:00, 1362.38it/s]
[transformers] `torch_dtype` is deprecated! Use `dtype` instead!
Loading weights:   0%|          | 0/338 [00:00<?, ?it/s]Loading weights: 100%|██████████| 338/338 [00:00<00:00, 7345.05it/s]
Traceback (most recent call last):
  File "<frozen runpy>", line 198, in _run_module_as_main
  File "<frozen runpy>", line 88, in _run_code
  File "/workspace/RT/june_fixes/baselines/baseline_study.py", line 650, in <module>
    main()
  File "/workspace/RT/june_fixes/baselines/baseline_study.py", line 646, in main
    run_baseline_study(build_arg_parser().parse_args())
  File "/workspace/RT/june_fixes/baselines/baseline_study.py", line 472, in run_baseline_study
    raise ValueError(f"Unknown baseline policy: {policy_name}")
ValueError: Unknown baseline policy: geometry_keep_compress_drop
Loading weights:   0%|          | 0/391 [00:00<?, ?it/s]Loading weights:   2%|▏         | 7/391 [00:00<00:05, 66.19it/s]Loading weights:  62%|██████▏   | 243/391 [00:00<00:00, 1370.37it/s]Loading weights: 100%|██████████| 391/391 [00:00<00:00, 1389.22it/s]
[transformers] `torch_dtype` is deprecated! Use `dtype` instead!
Loading weights:   0%|          | 0/338 [00:00<?, ?it/s]Loading weights: 100%|██████████| 338/338 [00:00<00:00, 9205.20it/s]
[baseline_study:qwen25_15b] 1/1 conversations, rows=60
[baseline_study] wrote 60 evaluation rows and 30 behavior rows to results/reviewer_fixes/baselines/reviewer_fixes_hardset_shard6of21
[baseline_study] run paper3_codec.merge_study_shards over this directory (alone or with other shards) to get standard significance summaries
